10:18:23 **** Incremental Build of configuration Debug for project lcd-test ****
make -j16 all 
arm-none-eabi-gcc "../Src/main.c" -mcpu=cortex-m7 -std=gnu11 -g3 -DDEBUG -DSTM32 -DSTM32F769I_DISCO -DSTM32F7 -DSTM32F769NIHx -c -I../Inc -O0 -ffunction-sections -fdata-sections -Wall -fstack-usage -fcyclomatic-complexity -MMD -MP -MF"Src/main.d" -MT"Src/main.o" --specs=nano.specs -mfpu=fpv5-d16 -mfloat-abi=hard -mthumb -o "Src/main.o"
arm-none-eabi-gcc -o "lcd-test.elf" @"objects.list"   -mcpu=cortex-m7 -T"U:\athul\cubeIDE\lcd-test\STM32F769NIHX_FLASH.ld" --specs=nosys.specs -Wl,-Map="lcd-test.map" -Wl,--gc-sections -static --specs=nano.specs -mfpu=fpv5-d16 -mfloat-abi=hard -mthumb -Wl,--start-group -lc -lm -Wl,--end-group
Finished building target: lcd-test.elf
 
arm-none-eabi-size  lcd-test.elf 
arm-none-eabi-objdump -h -S lcd-test.elf  > "lcd-test.list"
   text	   data	    bss	    dec	    hex	filename
    764	      0	   1568	   2332	    91c	lcd-test.elf
Finished building: default.size.stdout
 
Finished building: lcd-test.list
 

10:18:24 Build Finished. 0 errors, 0 warnings. (took 349ms)

