../Drivers/BSP/STM32F769I-Discovery/stm32f769i_discovery_lcd.c:268:9:BSP_LCD_Init	8	static
../Drivers/BSP/STM32F769I-Discovery/stm32f769i_discovery_lcd.c:283:9:BSP_LCD_InitEx	72	static
../Drivers/BSP/STM32F769I-Discovery/stm32f769i_discovery_lcd.c:716:6:BSP_LCD_Reset	32	static
../Drivers/BSP/STM32F769I-Discovery/stm32f769i_discovery_lcd.c:746:10:BSP_LCD_GetXSize	4	static
../Drivers/BSP/STM32F769I-Discovery/stm32f769i_discovery_lcd.c:755:10:BSP_LCD_GetYSize	4	static
../Drivers/BSP/STM32F769I-Discovery/stm32f769i_discovery_lcd.c:765:6:BSP_LCD_SetXSize	16	static
../Drivers/BSP/STM32F769I-Discovery/stm32f769i_discovery_lcd.c:774:6:BSP_LCD_SetYSize	16	static
../Drivers/BSP/STM32F769I-Discovery/stm32f769i_discovery_lcd.c:786:6:BSP_LCD_LayerDefaultInit	72	static
../Drivers/BSP/STM32F769I-Discovery/stm32f769i_discovery_lcd.c:819:6:BSP_LCD_SelectLayer	16	static
../Drivers/BSP/STM32F769I-Discovery/stm32f769i_discovery_lcd.c:832:6:BSP_LCD_SetLayerVisible	16	static
../Drivers/BSP/STM32F769I-Discovery/stm32f769i_discovery_lcd.c:852:6:BSP_LCD_SetTransparency	16	static
../Drivers/BSP/STM32F769I-Discovery/stm32f769i_discovery_lcd.c:864:6:BSP_LCD_SetLayerAddress	16	static
../Drivers/BSP/STM32F769I-Discovery/stm32f769i_discovery_lcd.c:879:6:BSP_LCD_SetLayerWindow	24	static
../Drivers/BSP/STM32F769I-Discovery/stm32f769i_discovery_lcd.c:894:6:BSP_LCD_SetColorKeying	16	static
../Drivers/BSP/STM32F769I-Discovery/stm32f769i_discovery_lcd.c:905:6:BSP_LCD_ResetColorKeying	16	static
../Drivers/BSP/STM32F769I-Discovery/stm32f769i_discovery_lcd.c:915:6:BSP_LCD_SetTextColor	16	static
../Drivers/BSP/STM32F769I-Discovery/stm32f769i_discovery_lcd.c:924:10:BSP_LCD_GetTextColor	4	static
../Drivers/BSP/STM32F769I-Discovery/stm32f769i_discovery_lcd.c:933:6:BSP_LCD_SetBackColor	16	static
../Drivers/BSP/STM32F769I-Discovery/stm32f769i_discovery_lcd.c:942:10:BSP_LCD_GetBackColor	4	static
../Drivers/BSP/STM32F769I-Discovery/stm32f769i_discovery_lcd.c:951:6:BSP_LCD_SetFont	16	static
../Drivers/BSP/STM32F769I-Discovery/stm32f769i_discovery_lcd.c:960:8:BSP_LCD_GetFont	4	static
../Drivers/BSP/STM32F769I-Discovery/stm32f769i_discovery_lcd.c:971:10:BSP_LCD_ReadPixel	32	static
../Drivers/BSP/STM32F769I-Discovery/stm32f769i_discovery_lcd.c:1005:6:BSP_LCD_Clear	40	static
../Drivers/BSP/STM32F769I-Discovery/stm32f769i_discovery_lcd.c:1015:6:BSP_LCD_ClearStringLine	32	static
../Drivers/BSP/STM32F769I-Discovery/stm32f769i_discovery_lcd.c:1034:6:BSP_LCD_DisplayChar	24	static
../Drivers/BSP/STM32F769I-Discovery/stm32f769i_discovery_lcd.c:1051:6:BSP_LCD_DisplayStringAt	48	static
../Drivers/BSP/STM32F769I-Discovery/stm32f769i_discovery_lcd.c:1113:6:BSP_LCD_DisplayStringAtLine	16	static
../Drivers/BSP/STM32F769I-Discovery/stm32f769i_discovery_lcd.c:1124:6:BSP_LCD_DrawHLine	40	static
../Drivers/BSP/STM32F769I-Discovery/stm32f769i_discovery_lcd.c:1141:6:BSP_LCD_DrawVLine	48	static
../Drivers/BSP/STM32F769I-Discovery/stm32f769i_discovery_lcd.c:1159:6:BSP_LCD_DrawLine	56	static
../Drivers/BSP/STM32F769I-Discovery/stm32f769i_discovery_lcd.c:1233:6:BSP_LCD_DrawRect	24	static
../Drivers/BSP/STM32F769I-Discovery/stm32f769i_discovery_lcd.c:1250:6:BSP_LCD_DrawCircle	40	static
../Drivers/BSP/STM32F769I-Discovery/stm32f769i_discovery_lcd.c:1296:6:BSP_LCD_DrawPolygon	32	static
../Drivers/BSP/STM32F769I-Discovery/stm32f769i_discovery_lcd.c:1323:6:BSP_LCD_DrawEllipse	64	static
../Drivers/BSP/STM32F769I-Discovery/stm32f769i_discovery_lcd.c:1355:6:BSP_LCD_DrawBitmap	56	static
../Drivers/BSP/STM32F769I-Discovery/stm32f769i_discovery_lcd.c:1412:6:BSP_LCD_FillRect	48	static
../Drivers/BSP/STM32F769I-Discovery/stm32f769i_discovery_lcd.c:1432:6:BSP_LCD_FillCircle	32	static
../Drivers/BSP/STM32F769I-Discovery/stm32f769i_discovery_lcd.c:1479:6:BSP_LCD_FillPolygon	64	static
../Drivers/BSP/STM32F769I-Discovery/stm32f769i_discovery_lcd.c:1546:6:BSP_LCD_FillEllipse	56	static
../Drivers/BSP/STM32F769I-Discovery/stm32f769i_discovery_lcd.c:1576:6:BSP_LCD_DisplayOn	16	static
../Drivers/BSP/STM32F769I-Discovery/stm32f769i_discovery_lcd.c:1599:6:BSP_LCD_DisplayOff	16	static
../Drivers/BSP/STM32F769I-Discovery/stm32f769i_discovery_lcd.c:1622:6:BSP_LCD_SetBrightness	24	static
../Drivers/BSP/STM32F769I-Discovery/stm32f769i_discovery_lcd.c:1647:6:DSI_IO_WriteCmd	24	static
../Drivers/BSP/STM32F769I-Discovery/stm32f769i_discovery_lcd.c:1667:9:DSI_IO_ReadCmd	48	static
../Drivers/BSP/STM32F769I-Discovery/stm32f769i_discovery_lcd.c:1684:17:LCD_IO_GetID	4	static
../Drivers/BSP/STM32F769I-Discovery/stm32f769i_discovery_lcd.c:1716:13:BSP_LCD_MspDeInit	8	static
../Drivers/BSP/STM32F769I-Discovery/stm32f769i_discovery_lcd.c:1742:13:BSP_LCD_MspInit	24	static
../Drivers/BSP/STM32F769I-Discovery/stm32f769i_discovery_lcd.c:1784:6:BSP_LCD_DrawPixel	24	static
../Drivers/BSP/STM32F769I-Discovery/stm32f769i_discovery_lcd.c:1797:13:DrawChar	40	static
../Drivers/BSP/STM32F769I-Discovery/stm32f769i_discovery_lcd.c:1855:13:FillTriangle	56	static
../Drivers/BSP/STM32F769I-Discovery/stm32f769i_discovery_lcd.c:1932:13:LL_FillBuffer	32	static
../Drivers/BSP/STM32F769I-Discovery/stm32f769i_discovery_lcd.c:1962:13:LL_ConvertLineToARGB8888	32	static
../Drivers/BSP/STM32F769I-Discovery/stm32f769i_discovery_lcd.c:1995:21:Driver_Type	24	static
