../Core/Src/main.c:160:5:main	8	static
../Core/Src/main.c:249:6:SystemClock_Config	88	static
../Core/Src/main.c:311:6:PeriphCommonClock_Config	152	static
../Core/Src/main.c:338:13:MX_ADC1_Init	24	static
../Core/Src/main.c:390:13:MX_ADC3_Init	24	static
../Core/Src/main.c:442:13:MX_CRC_Init	8	static
../Core/Src/main.c:473:13:MX_DFSDM1_Init	8	static
../Core/Src/main.c:511:13:MX_DMA2D_Init	8	static
../Core/Src/main.c:550:13:MX_DSIHOST_DSI_Init	176	static
../Core/Src/main.c:659:13:MX_ETH_Init	8	static
../Core/Src/main.c:708:13:MX_HDMI_CEC_Init	8	static
../Core/Src/main.c:744:13:MX_I2C1_Init	8	static
../Core/Src/main.c:792:13:MX_I2C4_Init	8	static
../Core/Src/main.c:840:13:MX_LTDC_Init	64	static
../Core/Src/main.c:902:13:MX_QUADSPI_Init	8	static
../Core/Src/main.c:937:13:MX_RTC_Init	72	static
../Core/Src/main.c:1026:13:MX_SAI1_Init	8	static
../Core/Src/main.c:1101:13:MX_SAI2_Init	8	static
../Core/Src/main.c:1135:13:MX_SPDIFRX_Init	8	static
../Core/Src/main.c:1171:13:MX_SPI2_Init	8	static
../Core/Src/main.c:1211:13:MX_TIM1_Init	40	static
../Core/Src/main.c:1258:13:MX_TIM3_Init	48	static
../Core/Src/main.c:1307:13:MX_TIM10_Init	40	static
../Core/Src/main.c:1353:13:MX_TIM11_Init	40	static
../Core/Src/main.c:1399:13:MX_TIM12_Init	40	static
../Core/Src/main.c:1441:13:MX_UART5_Init	8	static
../Core/Src/main.c:1476:13:MX_USART1_UART_Init	8	static
../Core/Src/main.c:1511:13:MX_USART6_UART_Init	8	static
../Core/Src/main.c:1546:13:MX_USB_OTG_HS_PCD_Init	8	static
../Core/Src/main.c:1578:13:MX_FMC_Init	40	static
../Core/Src/main.c:1629:13:MX_GPIO_Init	72	static
../Core/Src/main.c:1758:6:HAL_TIM_PeriodElapsedCallback	16	static
../Core/Src/main.c:1775:6:Error_Handler	4	static,ignoring_inline_asm
