../Core/Src/stm32f7xx_hal_msp.c:65:6:HAL_MspInit	16	static
../Core/Src/stm32f7xx_hal_msp.c:88:6:HAL_ADC_MspInit	56	static
../Core/Src/stm32f7xx_hal_msp.c:152:6:HAL_ADC_MspDeInit	16	static
../Core/Src/stm32f7xx_hal_msp.c:203:6:HAL_CRC_MspInit	24	static
../Core/Src/stm32f7xx_hal_msp.c:226:6:HAL_CRC_MspDeInit	16	static
../Core/Src/stm32f7xx_hal_msp.c:249:6:HAL_DFSDM_ChannelMspInit	192	static
../Core/Src/stm32f7xx_hal_msp.c:306:6:HAL_DFSDM_ChannelMspDeInit	16	static
../Core/Src/stm32f7xx_hal_msp.c:338:6:HAL_DMA2D_MspInit	24	static
../Core/Src/stm32f7xx_hal_msp.c:364:6:HAL_DMA2D_MspDeInit	16	static
../Core/Src/stm32f7xx_hal_msp.c:389:6:HAL_DSI_MspInit	48	static
../Core/Src/stm32f7xx_hal_msp.c:428:6:HAL_DSI_MspDeInit	16	static
../Core/Src/stm32f7xx_hal_msp.c:458:6:HAL_ETH_MspInit	64	static
../Core/Src/stm32f7xx_hal_msp.c:518:6:HAL_ETH_MspDeInit	16	static
../Core/Src/stm32f7xx_hal_msp.c:558:6:HAL_CEC_MspInit	192	static
../Core/Src/stm32f7xx_hal_msp.c:608:6:HAL_CEC_MspDeInit	16	static
../Core/Src/stm32f7xx_hal_msp.c:638:6:HAL_I2C_MspInit	200	static
../Core/Src/stm32f7xx_hal_msp.c:725:6:HAL_I2C_MspDeInit	16	static
../Core/Src/stm32f7xx_hal_msp.c:776:6:HAL_LTDC_MspInit	24	static
../Core/Src/stm32f7xx_hal_msp.c:802:6:HAL_LTDC_MspDeInit	16	static
../Core/Src/stm32f7xx_hal_msp.c:827:6:HAL_QSPI_MspInit	56	static
../Core/Src/stm32f7xx_hal_msp.c:899:6:HAL_QSPI_MspDeInit	16	static
../Core/Src/stm32f7xx_hal_msp.c:938:6:HAL_RTC_MspInit	184	static
../Core/Src/stm32f7xx_hal_msp.c:984:6:HAL_RTC_MspDeInit	16	static
../Core/Src/stm32f7xx_hal_msp.c:1012:6:HAL_SPDIFRX_MspInit	192	static
../Core/Src/stm32f7xx_hal_msp.c:1063:6:HAL_SPDIFRX_MspDeInit	16	static
../Core/Src/stm32f7xx_hal_msp.c:1091:6:HAL_SPI_MspInit	48	static
../Core/Src/stm32f7xx_hal_msp.c:1145:6:HAL_SPI_MspDeInit	16	static
../Core/Src/stm32f7xx_hal_msp.c:1178:6:HAL_TIM_Base_MspInit	32	static
../Core/Src/stm32f7xx_hal_msp.c:1222:6:HAL_TIM_PWM_MspInit	24	static
../Core/Src/stm32f7xx_hal_msp.c:1249:6:HAL_TIM_MspPostInit	56	static
../Core/Src/stm32f7xx_hal_msp.c:1343:6:HAL_TIM_Base_MspDeInit	16	static
../Core/Src/stm32f7xx_hal_msp.c:1387:6:HAL_TIM_PWM_MspDeInit	16	static
../Core/Src/stm32f7xx_hal_msp.c:1420:6:HAL_UART_MspInit	208	static
../Core/Src/stm32f7xx_hal_msp.c:1550:6:HAL_UART_MspDeInit	16	static
../Core/Src/stm32f7xx_hal_msp.c:1617:6:HAL_PCD_MspInit	64	static
../Core/Src/stm32f7xx_hal_msp.c:1701:6:HAL_PCD_MspDeInit	16	static
../Core/Src/stm32f7xx_hal_msp.c:1748:13:HAL_FMC_MspInit	32	static
../Core/Src/stm32f7xx_hal_msp.c:1877:6:HAL_SDRAM_MspInit	16	static
../Core/Src/stm32f7xx_hal_msp.c:1889:13:HAL_FMC_MspDeInit	8	static
../Core/Src/stm32f7xx_hal_msp.c:1986:6:HAL_SDRAM_MspDeInit	16	static
../Core/Src/stm32f7xx_hal_msp.c:1999:6:HAL_SAI_MspInit	48	static
../Core/Src/stm32f7xx_hal_msp.c:2077:6:HAL_SAI_MspDeInit	16	static
